BL51 BANKED LINKER/LOCATER V6.22                                                        01/06/2014  15:50:36  PAGE 1


BL51 BANKED LINKER/LOCATER V6.22, INVOKED BY:
C:\KEIL\C51\BIN\BL51.EXE STARTUP.obj, test.obj TO LCD_TEST


MEMORY MODEL: SMALL


INPUT MODULES INCLUDED:
  STARTUP.obj (?C_STARTUP)
  test.obj (TEST)
  C:\KEIL\C51\LIB\C51S.LIB (?C?CLDOPTR)


LINK MAP OF MODULE:  LCD_TEST (?C_STARTUP)


            TYPE    BASE      LENGTH    RELOCATION   SEGMENT NAME
            -----------------------------------------------------

            * * * * * * *   D A T A   M E M O R Y   * * * * * * *
            REG     0000H     0008H     ABSOLUTE     "REG BANK 0"
            DATA    0008H     0005H     UNIT         ?DT?_LCD8_WRITE_STRING?TEST
            DATA    000DH     0005H     UNIT         ?DT?_LCD4_WRITE_STRING?TEST
            DATA    0012H     0004H     UNIT         ?DT?_LCD4_SET_CURSOR?TEST
            DATA    0016H     0001H     UNIT         _DATA_GROUP_
            IDATA   0017H     0001H     UNIT         ?STACK

            * * * * * * *   C O D E   M E M O R Y   * * * * * * *
            CODE    0000H     0003H     ABSOLUTE     
                    0003H     07FDH                  *** GAP ***
            CODE    0800H     0050H     UNIT         ?PR?_LCD8_PORT?TEST
            CODE    0850H     0040H     UNIT         ?PR?_LCD4_SET_CURSOR?TEST
            CODE    0890H     0037H     UNIT         ?PR?LCD4_INIT?TEST
            CODE    08C7H     002FH     UNIT         ?PR?_LCD_DELAY?TEST
            CODE    08F6H     002DH     UNIT         ?C?LIB_CODE
            CODE    0923H     002BH     UNIT         ?PR?_LCD8_WRITE_STRING?TEST
            CODE    094EH     002BH     UNIT         ?PR?_LCD4_WRITE_CHAR?TEST
            CODE    0979H     002BH     UNIT         ?PR?_LCD4_WRITE_STRING?TEST
            CODE    09A4H     002AH     UNIT         ?PR?LCD8_INIT?TEST
            CODE    09CEH     0028H     UNIT         ?PR?_LCD4_PORT?TEST
            CODE    09F6H     0023H     UNIT         ?PR?MAIN?TEST
            CODE    0A19H     001BH     UNIT         ?PR?_LCD8_SET_CURSOR?TEST
            CODE    0A34H     0012H     UNIT         ?PR?_LCD4_CMD?TEST
            CODE    0A46H     000FH     UNIT         ?PR?_LCD8_CMD?TEST
            CODE    0A55H     000CH     UNIT         ?C_C51STARTUP
            CODE    0A61H     000AH     UNIT         ?PR?LCD4_CLEAR?TEST
            CODE    0A6BH     000AH     UNIT         ?PR?LCD4_SHIFT_RIGHT?TEST
            CODE    0A75H     000AH     UNIT         ?PR?LCD4_SHIFT_LEFT?TEST
            CODE    0A7FH     0008H     UNIT         ?PR?_LCD8_WRITE_CHAR?TEST
            CODE    0A87H     0005H     UNIT         ?PR?LCD8_CLEAR?TEST
            CODE    0A8CH     0005H     UNIT         ?PR?LCD8_SHIFT_RIGHT?TEST
            CODE    0A91H     0005H     UNIT         ?PR?LCD8_SHIFT_LEFT?TEST
            CODE    0A96H     0002H     UNIT         ?CO?TEST



OVERLAY MAP OF MODULE:   LCD_TEST (?C_STARTUP)

BL51 BANKED LINKER/LOCATER V6.22                                                      01/06/2014  15:50:36  PAGE 2



SEGMENT                               DATA_GROUP 
  +--> CALLED SEGMENT               START    LENGTH
---------------------------------------------------
?C_C51STARTUP                       -----    -----
  +--> ?PR?MAIN?TEST

?PR?MAIN?TEST                       -----    -----
  +--> ?PR?LCD8_INIT?TEST
  +--> ?PR?_LCD8_SET_CURSOR?TEST
  +--> ?CO?TEST
  +--> ?PR?_LCD8_WRITE_CHAR?TEST
  +--> ?PR?_LCD_DELAY?TEST

?PR?LCD8_INIT?TEST                  -----    -----
  +--> ?PR?_LCD8_PORT?TEST
  +--> ?PR?_LCD8_CMD?TEST

?PR?_LCD8_CMD?TEST                  -----    -----
  +--> ?PR?_LCD_DELAY?TEST

?PR?_LCD_DELAY?TEST                 -----    -----
  +--> ?PR?_LCD8_PORT?TEST

?PR?_LCD8_SET_CURSOR?TEST           0016H    0001H
  +--> ?PR?_LCD8_CMD?TEST

?PR?_LCD8_WRITE_CHAR?TEST           -----    -----
  +--> ?PR?_LCD_DELAY?TEST



SYMBOL TABLE OF MODULE:  LCD_TEST (?C_STARTUP)

  VALUE           TYPE          NAME
  ----------------------------------

  -------         MODULE        ?C_STARTUP
  C:0A55H         SEGMENT       ?C_C51STARTUP
  I:0017H         SEGMENT       ?STACK
  C:0000H         PUBLIC        ?C_STARTUP
  D:00E0H         SYMBOL        ACC
  D:00F0H         SYMBOL        B
  D:0083H         SYMBOL        DPH
  D:0082H         SYMBOL        DPL
  N:0000H         SYMBOL        IBPSTACK
  N:0100H         SYMBOL        IBPSTACKTOP
  N:0080H         SYMBOL        IDATALEN
  C:0A58H         SYMBOL        IDATALOOP
  N:0000H         SYMBOL        PBPSTACK
  N:0100H         SYMBOL        PBPSTACKTOP
  N:0000H         SYMBOL        PDATALEN
  N:0000H         SYMBOL        PDATASTART
  N:0000H         SYMBOL        PPAGE
  N:0000H         SYMBOL        PPAGEENABLE
  D:00A0H         SYMBOL        PPAGE_SFR
  D:0081H         SYMBOL        SP
BL51 BANKED LINKER/LOCATER V6.22                                                      01/06/2014  15:50:36  PAGE 3


  C:0A55H         SYMBOL        STARTUP1
  N:0000H         SYMBOL        XBPSTACK
  N:0000H         SYMBOL        XBPSTACKTOP
  N:0000H         SYMBOL        XDATALEN
  N:0000H         SYMBOL        XDATASTART
  C:0000H         LINE#         126
  C:0A55H         LINE#         133
  C:0A57H         LINE#         134
  C:0A58H         LINE#         135
  C:0A59H         LINE#         136
  C:0A5BH         LINE#         185
  C:0A5EH         LINE#         196
  -------         ENDMOD        ?C_STARTUP

  -------         MODULE        TEST
  C:0000H         SYMBOL        _ICE_DUMMY_
  D:0090H         PUBLIC        P1
  D:00A0H         PUBLIC        P2
  D:00B0H         PUBLIC        P3
  C:0A6BH         PUBLIC        Lcd4_Shift_Right
  C:0A8CH         PUBLIC        Lcd8_Shift_Right
  C:0979H         PUBLIC        _Lcd4_Write_String
  C:0A61H         PUBLIC        Lcd4_Clear
  B:00A0H.6       PUBLIC        EN
  C:0923H         PUBLIC        _Lcd8_Write_String
  C:0A87H         PUBLIC        Lcd8_Clear
  C:0A75H         PUBLIC        Lcd4_Shift_Left
  C:094EH         PUBLIC        _Lcd4_Write_Char
  C:0A91H         PUBLIC        Lcd8_Shift_Left
  C:0A7FH         PUBLIC        _Lcd8_Write_Char
  B:00A0H.7       PUBLIC        RS
  C:09F6H         PUBLIC        main
  C:0850H         PUBLIC        _Lcd4_Set_Cursor
  C:0A19H         PUBLIC        _Lcd8_Set_Cursor
  C:0A3BH         PUBLIC        _Lcd4_Cmd
  C:0890H         PUBLIC        Lcd4_Init
  C:0A4DH         PUBLIC        _Lcd8_Cmd
  C:09A4H         PUBLIC        Lcd8_Init
  C:09CEH         PUBLIC        _Lcd4_Port
  B:00B0H.1       PUBLIC        R
  C:0800H         PUBLIC        _Lcd8_Port
  B:00B0H.2       PUBLIC        W
  C:08D0H         PUBLIC        _Lcd_Delay
  B:0090H.0       PUBLIC        D0
  B:0090H.1       PUBLIC        D1
  B:0090H.2       PUBLIC        D2
  B:0090H.3       PUBLIC        D3
  B:0090H.4       PUBLIC        D4
  B:0090H.5       PUBLIC        D5
  B:0090H.6       PUBLIC        D6
  B:0090H.7       PUBLIC        D7
  C:08CAH         SYMBOL        L?0075
  -------         PROC          L?0074
  -------         ENDPROC       L?0074
  C:08CAH         SYMBOL        L?0075
  -------         PROC          _LCD_DELAY
  D:0006H         SYMBOL        a
BL51 BANKED LINKER/LOCATER V6.22                                                      01/06/2014  15:50:36  PAGE 4


  -------         DO            
  D:0002H         SYMBOL        j
  D:0004H         SYMBOL        i
  -------         ENDDO         
  C:08D0H         LINE#         17
  C:08D0H         LINE#         18
  C:08D0H         LINE#         21
  C:08E0H         LINE#         22
  C:08E0H         LINE#         23
  C:08E3H         LINE#         24
  C:08E3H         LINE#         25
  C:08EEH         LINE#         26
  C:08F5H         LINE#         27
  -------         ENDPROC       _LCD_DELAY
  -------         PROC          _LCD8_PORT
  D:0007H         SYMBOL        a
  C:0800H         LINE#         30
  C:0800H         LINE#         31
  C:0800H         LINE#         32
  C:0804H         LINE#         33
  C:0808H         LINE#         35
  C:080AH         LINE#         37
  C:080EH         LINE#         38
  C:0812H         LINE#         40
  C:0814H         LINE#         42
  C:0818H         LINE#         43
  C:081CH         LINE#         45
  C:081EH         LINE#         47
  C:0822H         LINE#         48
  C:0826H         LINE#         50
  C:0828H         LINE#         52
  C:082CH         LINE#         53
  C:0830H         LINE#         55
  C:0832H         LINE#         57
  C:0836H         LINE#         58
  C:083AH         LINE#         60
  C:083CH         LINE#         62
  C:0840H         LINE#         63
  C:0844H         LINE#         65
  C:0846H         LINE#         67
  C:084AH         LINE#         68
  C:084DH         LINE#         70
  C:084FH         LINE#         71
  -------         ENDPROC       _LCD8_PORT
  C:0A46H         SYMBOL        L?0077
  -------         PROC          L?0076
  -------         ENDPROC       L?0076
  C:0A46H         SYMBOL        L?0077
  -------         PROC          _LCD8_CMD
  D:0007H         SYMBOL        a
  C:0A4DH         LINE#         72
  C:0A4DH         LINE#         73
  C:0A4DH         LINE#         74
  C:0A4FH         LINE#         75
  C:0A4FH         LINE#         76
  C:0A4FH         LINE#         77
  C:0A52H         LINE#         78
BL51 BANKED LINKER/LOCATER V6.22                                                      01/06/2014  15:50:36  PAGE 5


  C:0A54H         LINE#         79
  -------         ENDPROC       _LCD8_CMD
  -------         PROC          LCD8_CLEAR
  C:0A87H         LINE#         81
  C:0A87H         LINE#         82
  C:0A87H         LINE#         83
  -------         ENDPROC       LCD8_CLEAR
  -------         PROC          _LCD8_SET_CURSOR
  D:0016H         SYMBOL        a
  D:0001H         SYMBOL        b
  C:0A19H         LINE#         86
  C:0A1DH         LINE#         87
  C:0A1DH         LINE#         88
  C:0A22H         LINE#         89
  C:0A27H         LINE#         90
  C:0A2CH         LINE#         91
  C:0A33H         LINE#         92
  -------         ENDPROC       _LCD8_SET_CURSOR
  -------         PROC          LCD8_INIT
  C:09A4H         LINE#         94
  C:09A4H         LINE#         95
  C:09A4H         LINE#         96
  C:09A9H         LINE#         97
  C:09ABH         LINE#         98
  C:09ADH         LINE#         100
  C:09B0H         LINE#         101
  C:09B2H         LINE#         102
  C:09B5H         LINE#         103
  C:09B7H         LINE#         104
  C:09BAH         LINE#         106
  C:09BFH         LINE#         107
  C:09C4H         LINE#         108
  C:09C9H         LINE#         109
  -------         ENDPROC       LCD8_INIT
  -------         PROC          _LCD8_WRITE_CHAR
  D:0007H         SYMBOL        a
  C:0A7FH         LINE#         112
  C:0A7FH         LINE#         113
  C:0A7FH         LINE#         114
  C:0A81H         LINE#         115
  C:0A81H         LINE#         116
  C:0A81H         LINE#         117
  C:0A84H         LINE#         118
  C:0A86H         LINE#         119
  -------         ENDPROC       _LCD8_WRITE_CHAR
  -------         PROC          _LCD8_WRITE_STRING
  D:0008H         SYMBOL        a
  -------         DO            
  D:000BH         SYMBOL        i
  -------         ENDDO         
  C:0923H         LINE#         121
  C:0929H         LINE#         122
  C:0929H         LINE#         124
  C:0940H         LINE#         125
  C:094DH         LINE#         126
  -------         ENDPROC       _LCD8_WRITE_STRING
  -------         PROC          LCD8_SHIFT_RIGHT
BL51 BANKED LINKER/LOCATER V6.22                                                      01/06/2014  15:50:36  PAGE 6


  C:0A8CH         LINE#         128
  C:0A8CH         LINE#         129
  C:0A8CH         LINE#         130
  -------         ENDPROC       LCD8_SHIFT_RIGHT
  -------         PROC          LCD8_SHIFT_LEFT
  C:0A91H         LINE#         133
  C:0A91H         LINE#         134
  C:0A91H         LINE#         135
  -------         ENDPROC       LCD8_SHIFT_LEFT
  -------         PROC          _LCD4_PORT
  D:0007H         SYMBOL        a
  C:09CEH         LINE#         141
  C:09CEH         LINE#         142
  C:09CEH         LINE#         143
  C:09D2H         LINE#         144
  C:09D6H         LINE#         146
  C:09D8H         LINE#         148
  C:09DCH         LINE#         149
  C:09E0H         LINE#         151
  C:09E2H         LINE#         153
  C:09E6H         LINE#         154
  C:09EAH         LINE#         156
  C:09ECH         LINE#         158
  C:09F0H         LINE#         159
  C:09F3H         LINE#         161
  C:09F5H         LINE#         162
  -------         ENDPROC       _LCD4_PORT
  C:0A34H         SYMBOL        L?0079
  -------         PROC          L?0078
  -------         ENDPROC       L?0078
  C:0A34H         SYMBOL        L?0079
  -------         PROC          _LCD4_CMD
  D:0007H         SYMBOL        a
  C:0A3BH         LINE#         163
  C:0A3BH         LINE#         164
  C:0A3BH         LINE#         165
  C:0A3DH         LINE#         166
  C:0A40H         LINE#         167
  C:0A40H         LINE#         168
  C:0A43H         LINE#         169
  C:0A45H         LINE#         170
  -------         ENDPROC       _LCD4_CMD
  -------         PROC          LCD4_CLEAR
  C:0A61H         LINE#         172
  C:0A61H         LINE#         173
  C:0A61H         LINE#         174
  C:0A66H         LINE#         175
  -------         ENDPROC       LCD4_CLEAR
  -------         PROC          _LCD4_SET_CURSOR
  D:0012H         SYMBOL        a
  D:0001H         SYMBOL        b
  -------         DO            
  D:0013H         SYMBOL        temp
  D:0014H         SYMBOL        z
  D:0015H         SYMBOL        y
  -------         ENDDO         
  C:0850H         LINE#         178
BL51 BANKED LINKER/LOCATER V6.22                                                      01/06/2014  15:50:36  PAGE 7


  C:0854H         LINE#         179
  C:0854H         LINE#         181
  C:0859H         LINE#         182
  C:0859H         LINE#         183
  C:085FH         LINE#         184
  C:0868H         LINE#         185
  C:0869H         LINE#         186
  C:0869H         LINE#         187
  C:0869H         LINE#         188
  C:086BH         LINE#         189
  C:0870H         LINE#         190
  C:0870H         LINE#         191
  C:0875H         LINE#         192
  C:087EH         LINE#         193
  C:0885H         LINE#         194
  C:088AH         LINE#         195
  C:088FH         LINE#         196
  C:088FH         LINE#         197
  -------         ENDPROC       _LCD4_SET_CURSOR
  -------         PROC          LCD4_INIT
  C:0890H         LINE#         199
  C:0890H         LINE#         200
  C:0890H         LINE#         201
  C:0895H         LINE#         202
  C:0897H         LINE#         204
  C:089AH         LINE#         205
  C:089CH         LINE#         206
  C:089FH         LINE#         207
  C:08A1H         LINE#         208
  C:08A4H         LINE#         210
  C:08A9H         LINE#         211
  C:08AEH         LINE#         212
  C:08B3H         LINE#         213
  C:08B8H         LINE#         214
  C:08BDH         LINE#         215
  C:08C2H         LINE#         216
  -------         ENDPROC       LCD4_INIT
  -------         PROC          _LCD4_WRITE_CHAR
  D:0006H         SYMBOL        a
  -------         DO            
  D:0001H         SYMBOL        temp
  D:0007H         SYMBOL        y
  -------         ENDDO         
  C:094EH         LINE#         219
  C:0950H         LINE#         220
  C:0950H         LINE#         222
  C:0954H         LINE#         223
  C:0958H         LINE#         224
  C:095AH         LINE#         225
  C:0965H         LINE#         226
  C:0965H         LINE#         227
  C:0968H         LINE#         228
  C:096AH         LINE#         229
  C:096FH         LINE#         230
  C:0971H         LINE#         231
  C:0976H         LINE#         232
  C:0978H         LINE#         233
BL51 BANKED LINKER/LOCATER V6.22                                                      01/06/2014  15:50:36  PAGE 8


  -------         ENDPROC       _LCD4_WRITE_CHAR
  -------         PROC          _LCD4_WRITE_STRING
  D:000DH         SYMBOL        a
  -------         DO            
  D:0010H         SYMBOL        i
  -------         ENDDO         
  C:0979H         LINE#         235
  C:097FH         LINE#         236
  C:097FH         LINE#         238
  C:0996H         LINE#         239
  C:09A3H         LINE#         240
  -------         ENDPROC       _LCD4_WRITE_STRING
  -------         PROC          LCD4_SHIFT_RIGHT
  C:0A6BH         LINE#         242
  C:0A6BH         LINE#         243
  C:0A6BH         LINE#         244
  C:0A70H         LINE#         245
  -------         ENDPROC       LCD4_SHIFT_RIGHT
  -------         PROC          LCD4_SHIFT_LEFT
  C:0A75H         LINE#         248
  C:0A75H         LINE#         249
  C:0A75H         LINE#         250
  C:0A7AH         LINE#         251
  -------         ENDPROC       LCD4_SHIFT_LEFT
  -------         PROC          MAIN
  C:09F6H         LINE#         19
  C:09F6H         LINE#         21
  C:09F9H         LINE#         23
  C:0A00H         LINE#         24
  C:0A05H         LINE#         26
  C:0A05H         LINE#         28
  C:0A07H         LINE#         29
  C:0A09H         LINE#         30
  C:0A10H         LINE#         31
  C:0A12H         LINE#         32
  C:0A14H         LINE#         33
  C:0A17H         LINE#         36
  -------         ENDPROC       MAIN
  -------         ENDMOD        TEST

  -------         MODULE        ?C?CLDOPTR
  C:08F6H         PUBLIC        ?C?CLDOPTR
  -------         ENDMOD        ?C?CLDOPTR

*** WARNING L16: UNCALLED SEGMENT, IGNORED FOR OVERLAY PROCESS
    SEGMENT: ?PR?LCD8_CLEAR?TEST

*** WARNING L16: UNCALLED SEGMENT, IGNORED FOR OVERLAY PROCESS
    SEGMENT: ?PR?_LCD8_WRITE_STRING?TEST

*** WARNING L16: UNCALLED SEGMENT, IGNORED FOR OVERLAY PROCESS
    SEGMENT: ?PR?LCD8_SHIFT_RIGHT?TEST

*** WARNING L16: UNCALLED SEGMENT, IGNORED FOR OVERLAY PROCESS
    SEGMENT: ?PR?LCD8_SHIFT_LEFT?TEST

*** WARNING L16: UNCALLED SEGMENT, IGNORED FOR OVERLAY PROCESS
BL51 BANKED LINKER/LOCATER V6.22                                                      01/06/2014  15:50:36  PAGE 9


    SEGMENT: ?PR?LCD4_CLEAR?TEST

*** WARNING L16: UNCALLED SEGMENT, IGNORED FOR OVERLAY PROCESS
    SEGMENT: ?PR?_LCD4_SET_CURSOR?TEST

*** WARNING L16: UNCALLED SEGMENT, IGNORED FOR OVERLAY PROCESS
    SEGMENT: ?PR?LCD4_INIT?TEST

*** WARNING L16: UNCALLED SEGMENT, IGNORED FOR OVERLAY PROCESS
    SEGMENT: ?PR?_LCD4_WRITE_STRING?TEST

*** WARNING L16: UNCALLED SEGMENT, IGNORED FOR OVERLAY PROCESS
    SEGMENT: ?PR?LCD4_SHIFT_RIGHT?TEST

*** WARNING L16: UNCALLED SEGMENT, IGNORED FOR OVERLAY PROCESS
    SEGMENT: ?PR?LCD4_SHIFT_LEFT?TEST

******************************************************************************
* RESTRICTED VERSION WITH 0800H BYTE CODE SIZE LIMIT; USED: 026EH BYTE (30%) *
******************************************************************************

Program Size: data=24.0 xdata=0 code=667
LINK/LOCATE RUN COMPLETE.  10 WARNING(S),  0 ERROR(S)
